// Jest Snapshot v1, https://goo.gl/fbAQLP

exports[`Table list render 1`] = `
<div>
  <table>
    <thead>
      <tr>
        <th>id</th>
        <th>name</th>
        <th>age</th>
        <th>cost</th>
      </tr>
    </thead>
    <tbody>
      <tr data-test="unitsrow">
        <td>1</td>
        <td>Archer</td>
        <td>Feudal</td>
        <td>Wood:25, Gold:45</td>
      </tr>
      <tr data-test="unitsrow">
        <td>2</td>
        <td>Crossbowman</td>
        <td>Castle</td>
        <td>Wood:25, Gold:45</td>
      </tr>
      <tr data-test="unitsrow">
        <td>3</td>
        <td>Arbalest</td>
        <td>Imperial</td>
        <td>Wood:25, Gold:45</td>
      </tr>
    </tbody>
  </table>
</div>
`;
