// Jest Snapshot v1, https://goo.gl/fbAQLP

exports[`Home view Render snapshot 1`] = `<div class="image-container"><img src="" alt=""></div>`;
